python : Building prefix dict fr
om the default dictionary ...
所在位置 行:1 字符: 1
+ python scripts/test_rag.py > t
est_output.txt 2>&1
+ ~~~~~~~~~~~~~~~~~~~~~~~~~~~~~~
~~~~~~~~~~~~~~~~~~~
    + CategoryInfo          : N 
   otSpecified: (Building pref  
  ix... dictionary ...:String   
 ) [], RemoteException
    + FullyQualifiedErrorId : N 
   ativeCommandError
 
Loading model from cache C:\User
s\62774\AppData\Local\Temp\jieba
.cache
Loading model cost 0.519 seconds
.
Prefix dict has been built succe
ssfully.
--- 正在执行 RRF 混合检索测试: 马来西亚 股权转让 退股协议 是否有效 ---

[法条召回数量]: 3
  - 外商投资法: Score 0.0164
  - 外商投资法: Score 0.0161
  - 外商投资法: Score 0.0159

[判例召回数量]: 3
  - [京某甲有限公司北]: Score 0.0213
    内容预览(前100字): 【核心事实】
[客观事实认定]
背景: 案号: （2025）最高法民申1838号 | 法院: 中华人民共和国最高人民法院 | 年份: 2025
，本案系当事人申请再审案件，应当围绕某甲公司申请再审的理...
  - [京某甲有限公司北]: Score 0.0210
    内容预览(前100字): [客观事实认定]
背景: 案号: （2025）最高法民申1838号 | 法院: 中华人民共和国最高人民法院 | 年份: 2025
，本案系当事人申请再审案件，应当围绕某甲公司申请再审的理由是否成立进行...
  - [栾某张某等股权转让纠纷民事二审民事判决书]: Score 0.0189
    内容预览(前100字): [法理裁决说理]
背景: 案号: (2022)苏民终48号 | 法院: 江苏省高级人民法院 | 年份: 2022
本院认为，本案系因履行退股协议书而引起的纠纷。所涉股权为注册于马来西亚的马来西亚某公司...


--- 最终喂给 AI 的 Context 预览 ---
### 检索到的法律证据库

#### 1. 裁判依据 (法条)
- 《外商投资法》: [裁判依据: 《外商投资法》 参考资料]
第二十一条 外国投资者在中国境内的出资、利润、资本收益、资产处置所得、知识产权许可使用费、依法获得的补偿或者赔偿、清算所得等，可以依法以人民币或者外汇自由汇入、汇出。
- 《外商投资法》: [裁判依据: 《外商投资法》 参考资料]
第十九条 国家保护外国投资者和外商投资企业的知识产权，保护知识产权权利人和相关权利人的合法权益...
- 《外商投资法》: [裁判依据: 《外商投资法》 参考资料]
第二十二条 国家建立外商投资投诉工作机制，及时处理外商投资企业或者其投资者反映的问题...

#### 2. 参考判例 (相似文书)
**[京某甲有限公司北]** (2025 （2025）最高法民申1838号)
【核心事实】
[客观事实认定]
背景: 案号: （2025）最高法民申1838号 | 法院: 中华人民共和国最高人民法院 | 年份: 2025
，本案系当事人申请再审案件，应当围绕某甲公司申请再审的理由是否成立进行审查。
某甲公司主张某乙公司未能提供其垫付“归
